
Memory Configuration

Name             Origin             Length             Attributes
ram              0x000000000c000000 0x0000000000800000
*default*        0x0000000000000000 0xffffffffffffffff

Linker script and memory map


.text           0x000000000c000000      0x154
 crt0.o(.text)
 .text          0x000000000c000000       0x10 crt0.o
                0x000000000c000000                _start
 *(.text)
 .text          0x000000000c000010       0x20 hello.o
                0x000000000c000010                main
 .text          0x000000000c000030      0x124 uart_api.o
                0x000000000c000030                serial_init
                0x000000000c000070                serial_putc
                0x000000000c0000b8                serial_getc
                0x000000000c0000f8                serial_puts

.glue_7         0x0000000000000000        0x0
 .glue_7        0x0000000000000000        0x0 linker stubs

.glue_7t        0x0000000000000000        0x0
 .glue_7t       0x0000000000000000        0x0 linker stubs

.vfp11_veneer   0x0000000000000000        0x0
 .vfp11_veneer  0x0000000000000000        0x0 linker stubs

.v4_bx          0x0000000000000000        0x0
 .v4_bx         0x0000000000000000        0x0 linker stubs

.data           0x000000000c000154        0x0
 *(.data)
 .data          0x000000000c000154        0x0 crt0.o
 .data          0x000000000c000154        0x0 hello.o
 .data          0x000000000c000154        0x0 uart_api.o
 *(*rodata*)

.bss            0x000000000c000154        0x0
 *(.bss)
 .bss           0x000000000c000154        0x0 crt0.o
 .bss           0x000000000c000154        0x0 hello.o
 .bss           0x000000000c000154        0x0 uart_api.o
 *(COMMON)
                0x0000000000000000                size_data = SIZEOF (.data)
                0x0000000000000000                size_bss = SIZEOF (.bss)
LOAD hello.o
LOAD uart_api.o
LOAD crt0.o
OUTPUT(hello elf32-littlearm)

.ARM.attributes
                0x0000000000000000       0x2c
 .ARM.attributes
                0x0000000000000000       0x20 crt0.o
 .ARM.attributes
                0x0000000000000020       0x30 hello.o
 .ARM.attributes
                0x0000000000000050       0x30 uart_api.o

.comment        0x0000000000000000       0x11
 .comment       0x0000000000000000       0x11 hello.o
                                         0x12 (size before relaxing)
 .comment       0x0000000000000000       0x12 uart_api.o

.debug_line     0x0000000000000000       0xba
 .debug_line    0x0000000000000000       0x36 crt0.o
 .debug_line    0x0000000000000036       0x37 hello.o
 .debug_line    0x000000000000006d       0x4d uart_api.o

.debug_info     0x0000000000000000      0x194
 .debug_info    0x0000000000000000       0x8f crt0.o
 .debug_info    0x000000000000008f       0x45 hello.o
 .debug_info    0x00000000000000d4       0xc0 uart_api.o

.debug_abbrev   0x0000000000000000       0xcd
 .debug_abbrev  0x0000000000000000       0x14 crt0.o
 .debug_abbrev  0x0000000000000014       0x34 hello.o
 .debug_abbrev  0x0000000000000048       0x85 uart_api.o

.debug_aranges  0x0000000000000000       0x60
 .debug_aranges
                0x0000000000000000       0x20 crt0.o
 .debug_aranges
                0x0000000000000020       0x20 hello.o
 .debug_aranges
                0x0000000000000040       0x20 uart_api.o

.debug_frame    0x0000000000000000       0xb4
 .debug_frame   0x0000000000000000       0x30 hello.o
 .debug_frame   0x0000000000000030       0x84 uart_api.o

.debug_loc      0x0000000000000000       0xd7
 .debug_loc     0x0000000000000000       0x2b hello.o
 .debug_loc     0x000000000000002b       0xac uart_api.o

.debug_pubnames
                0x0000000000000000       0x6d
 .debug_pubnames
                0x0000000000000000       0x1b hello.o
 .debug_pubnames
                0x000000000000001b       0x52 uart_api.o

.debug_str      0x0000000000000000       0xcc
 .debug_str     0x0000000000000000       0x7b hello.o
 .debug_str     0x000000000000007b       0x51 uart_api.o
                                         0xbf (size before relaxing)

Cross Reference Table

Symbol                                            File
_start                                            crt0.o
main                                              hello.o
                                                  crt0.o
serial_getc                                       uart_api.o
                                                  hello.o
serial_init                                       uart_api.o
                                                  hello.o
serial_putc                                       uart_api.o
                                                  hello.o
serial_puts                                       uart_api.o
