
Allocating common symbols
Common symbol       size              file

test                0x4               crt1.o
bouh                0x4               crt1.o
grr                 0x4               crt1.o

Memory Configuration

Name             Origin             Length             Attributes
ram              0x0c000000         0x00800000
*default*        0x00000000         0xffffffff

Linker script and memory map


.text           0x0c000000     0x1070
 crt0.o(.text)
 .text          0x0c000000      0x2a8 crt0.o
                0x0c000000                _start
 *(.text)
 .text          0x0c0002a8      0x398 boot.o
                0x0c0002a8                main
                0x0c0004b4                getAddress
                0x0c00056c                testAddress
                0x0c0005c8                storeBytes
 .text          0x0c000640      0x390 convert.o
                0x0c000640                intToHexa
                0x0c000718                nibbleToAscii
                0x0c000764                intToDeci
                0x0c000910                asciiToHex
                0x0c00098c                asciiToNibble
 .text          0x0c0009d0       0x54 crt1.o
                0x0c0009d0                fill_bss
 .text          0x0c000a24      0x198 led.o
                0x0c000a24                chenillard
                0x0c000a84                switchAllOnState
                0x0c000ae0                switchOnOff
                0x0c000b78                modif
 .text          0x0c000bbc      0x2a8 timer.o
                0x0c000bbc                init_timer3
                0x0c000cbc                wait1ms
                0x0c000d20                wait100ms
                0x0c000d84                wait
                0x0c000dd0                waitInverter
                0x0c000e1c                bip
 .text          0x0c000e64      0x20c uart_api.o
                0x0c000e64                serial_init
                0x0c000eb4                serial_putc
                0x0c000f00                serial_getc
                0x0c000f44                serial_puts
                0x0c000fa0                serial_getcWithTimer

.glue_7         0x0c001070        0x0
 .glue_7        0x00000000        0x0 linker stubs

.glue_7t        0x0c001070        0x0
 .glue_7t       0x00000000        0x0 linker stubs

.vfp11_veneer   0x0c001070        0x0
 .vfp11_veneer  0x00000000        0x0 linker stubs

.v4_bx          0x0c001070        0x0
 .v4_bx         0x00000000        0x0 linker stubs

.data           0x0c001070       0xb4
 *(.data)
 .data          0x0c001070        0x0 crt0.o
 .data          0x0c001070        0x0 boot.o
 .data          0x0c001070        0x0 convert.o
 .data          0x0c001070        0x0 crt1.o
 .data          0x0c001070        0x0 led.o
 .data          0x0c001070        0x0 timer.o
 .data          0x0c001070        0x0 uart_api.o
 *(*rodata*)
 .rodata        0x0c001070       0xb4 boot.o
                0x0c001124                _bss_beginning_ = .

.bss            0x0c001124        0xc
 *(.bss)
 .bss           0x0c001124        0x0 crt0.o
 .bss           0x0c001124        0x0 boot.o
 .bss           0x0c001124        0x0 convert.o
 .bss           0x0c001124        0x0 crt1.o
 .bss           0x0c001124        0x0 led.o
 .bss           0x0c001124        0x0 timer.o
 .bss           0x0c001124        0x0 uart_api.o
 *(COMMON)
 COMMON         0x0c001124        0xc crt1.o
                0x0c001124                test
                0x0c001128                bouh
                0x0c00112c                grr
                0x0c001130                _bss_end_ = .
                0x000000b4                size_data = SIZEOF (.data)
                0x0000000c                size_bss = SIZEOF (.bss)
LOAD boot.o
LOAD convert.o
LOAD crt1.o
LOAD led.o
LOAD timer.o
LOAD uart_api.o
LOAD crt0.o
OUTPUT(boot elf32-littlearm)

.ARM.attributes
                0x00000000       0x2e
 .ARM.attributes
                0x00000000       0x22 crt0.o
 .ARM.attributes
                0x00000022       0x34 boot.o
 .ARM.attributes
                0x00000056       0x34 convert.o
 .ARM.attributes
                0x0000008a       0x34 crt1.o
 .ARM.attributes
                0x000000be       0x34 led.o
 .ARM.attributes
                0x000000f2       0x34 timer.o
 .ARM.attributes
                0x00000126       0x34 uart_api.o

.comment        0x00000000       0x2a
 .comment       0x00000000       0x2a boot.o
                                 0x2b (size before relaxing)
 .comment       0x00000000       0x2b convert.o
 .comment       0x00000000       0x2b crt1.o
 .comment       0x00000000       0x2b led.o
 .comment       0x00000000       0x2b timer.o
 .comment       0x00000000       0x2b uart_api.o

.debug_line     0x00000000      0x3f7
 .debug_line    0x00000000       0xa8 crt0.o
 .debug_line    0x000000a8       0xb1 boot.o
 .debug_line    0x00000159       0xae convert.o
 .debug_line    0x00000207       0x47 crt1.o
 .debug_line    0x0000024e       0x95 led.o
 .debug_line    0x000002e3       0x87 timer.o
 .debug_line    0x0000036a       0x8d uart_api.o

.debug_info     0x00000000      0x796
 .debug_info    0x00000000       0x6f crt0.o
 .debug_info    0x0000006f      0x152 boot.o
 .debug_info    0x000001c1      0x1ac convert.o
 .debug_info    0x0000036d       0xd2 crt1.o
 .debug_info    0x0000043f      0x116 led.o
 .debug_info    0x00000555      0x14b timer.o
 .debug_info    0x000006a0       0xf6 uart_api.o

.debug_abbrev   0x00000000      0x3bf
 .debug_abbrev  0x00000000       0x14 crt0.o
 .debug_abbrev  0x00000014       0xca boot.o
 .debug_abbrev  0x000000de       0xbd convert.o
 .debug_abbrev  0x0000019b       0x8a crt1.o
 .debug_abbrev  0x00000225       0x88 led.o
 .debug_abbrev  0x000002ad       0x67 timer.o
 .debug_abbrev  0x00000314       0xab uart_api.o

.debug_aranges  0x00000000       0xe0
 .debug_aranges
                0x00000000       0x20 crt0.o
 .debug_aranges
                0x00000020       0x20 boot.o
 .debug_aranges
                0x00000040       0x20 convert.o
 .debug_aranges
                0x00000060       0x20 crt1.o
 .debug_aranges
                0x00000080       0x20 led.o
 .debug_aranges
                0x000000a0       0x20 timer.o
 .debug_aranges
                0x000000c0       0x20 uart_api.o

.debug_loc      0x00000000      0x44c
 .debug_loc     0x00000000       0xb0 boot.o
 .debug_loc     0x000000b0       0xdc convert.o
 .debug_loc     0x0000018c       0x2c crt1.o
 .debug_loc     0x000001b8       0xb0 led.o
 .debug_loc     0x00000268      0x108 timer.o
 .debug_loc     0x00000370       0xdc uart_api.o

.debug_pubnames
                0x00000000      0x1fc
 .debug_pubnames
                0x00000000       0x49 boot.o
 .debug_pubnames
                0x00000049       0x61 convert.o
 .debug_pubnames
                0x000000aa       0x39 crt1.o
 .debug_pubnames
                0x000000e3       0x50 led.o
 .debug_pubnames
                0x00000133       0x5e timer.o
 .debug_pubnames
                0x00000191       0x6b uart_api.o

.debug_str      0x00000000      0x297
 .debug_str     0x00000000       0xda boot.o
                                 0xec (size before relaxing)
 .debug_str     0x000000da       0x79 convert.o
                                0x111 (size before relaxing)
 .debug_str     0x00000153       0x33 crt1.o
                                 0x8d (size before relaxing)
 .debug_str     0x00000186       0x5b led.o
                                 0xde (size before relaxing)
 .debug_str     0x000001e1       0x5f timer.o
                                 0xbc (size before relaxing)
 .debug_str     0x00000240       0x57 uart_api.o
                                 0xbd (size before relaxing)

.debug_frame    0x00000000      0x300
 .debug_frame   0x00000000       0x80 boot.o
 .debug_frame   0x00000080       0x98 convert.o
 .debug_frame   0x00000118       0x28 crt1.o
 .debug_frame   0x00000140       0x7c led.o
 .debug_frame   0x000001bc       0xb4 timer.o
 .debug_frame   0x00000270       0x90 uart_api.o

Cross Reference Table

Symbol                                            File
_bss_beginning_                                   crt1.o
_bss_end_                                         crt1.o
                                                  boot.o
_start                                            crt0.o
asciiToHex                                        convert.o
                                                  boot.o
asciiToNibble                                     convert.o
bip                                               timer.o
bouh                                              crt1.o
chenillard                                        led.o
fill_bss                                          crt1.o
                                                  crt0.o
getAddress                                        boot.o
grr                                               crt1.o
init_timer3                                       timer.o
                                                  uart_api.o
intToDeci                                         convert.o
intToHexa                                         convert.o
                                                  boot.o
main                                              boot.o
                                                  crt0.o
modif                                             led.o
nibbleToAscii                                     convert.o
serial_getc                                       uart_api.o
                                                  boot.o
serial_getcWithTimer                              uart_api.o
                                                  boot.o
serial_init                                       uart_api.o
                                                  boot.o
serial_putc                                       uart_api.o
                                                  convert.o
serial_puts                                       uart_api.o
                                                  convert.o
                                                  boot.o
storeBytes                                        boot.o
switchAllOnState                                  led.o
                                                  boot.o
switchOnOff                                       led.o
                                                  boot.o
test                                              crt1.o
testAddress                                       boot.o
wait                                              timer.o
                                                  led.o
wait100ms                                         timer.o
wait1ms                                           timer.o
waitInverter                                      timer.o
