
Memory Configuration

Name             Origin             Length             Attributes
ram              0x000000000c000000 0x0000000000800000
*default*        0x0000000000000000 0xffffffffffffffff

Linker script and memory map


.text           0x000000000c000000      0x27c
 crt0.o(.text)
 .text          0x000000000c000000       0x18 crt0.o
                0x000000000c000000                _start
 *(.text)
 .text          0x000000000c000018      0x19c fibo.o
                0x000000000c000018                nibbleToAscii
                0x000000000c000030                intToDeci
                0x000000000c000104                fibo
                0x000000000c000160                intToHexa
 .text          0x000000000c0001b4       0x1c main.o
                0x000000000c0001b4                main
 .text          0x000000000c0001d0       0xac uart_api.o
                0x000000000c0001d0                serial_init
                0x000000000c0001f0                serial_putc
                0x000000000c00020c                serial_getc
                0x000000000c00022c                serial_puts

.glue_7         0x0000000000000000        0x0
 .glue_7        0x0000000000000000        0x0 linker stubs

.glue_7t        0x0000000000000000        0x0
 .glue_7t       0x0000000000000000        0x0 linker stubs

.vfp11_veneer   0x0000000000000000        0x0
 .vfp11_veneer  0x0000000000000000        0x0 linker stubs

.v4_bx          0x0000000000000000        0x0
 .v4_bx         0x0000000000000000        0x0 linker stubs

.data           0x000000000c00027c        0x4
 *(.data)
 .data          0x000000000c00027c        0x0 crt0.o
 .data          0x000000000c00027c        0x0 fibo.o
 .data          0x000000000c00027c        0x0 main.o
 .data          0x000000000c00027c        0x0 uart_api.o
 *(*rodata*)
 .rodata.str1.4
                0x000000000c00027c        0x4 fibo.o

.bss            0x000000000c000280        0x0
 *(.bss)
 .bss           0x000000000c000280        0x0 crt0.o
 .bss           0x000000000c000280        0x0 fibo.o
 .bss           0x000000000c000280        0x0 main.o
 .bss           0x000000000c000280        0x0 uart_api.o
 *(COMMON)
                0x0000000000000004                size_data = SIZEOF (.data)
                0x0000000000000000                size_bss = SIZEOF (.bss)
LOAD fibo.o
LOAD main.o
LOAD uart_api.o
LOAD crt0.o
OUTPUT(fibo elf32-littlearm)

.ARM.attributes
                0x0000000000000000       0x2c
 .ARM.attributes
                0x0000000000000000       0x20 crt0.o
 .ARM.attributes
                0x0000000000000020       0x30 fibo.o
 .ARM.attributes
                0x0000000000000050       0x30 main.o
 .ARM.attributes
                0x0000000000000080       0x30 uart_api.o

.comment        0x0000000000000000       0x11
 .comment       0x0000000000000000       0x11 fibo.o
                                         0x12 (size before relaxing)
 .comment       0x0000000000000000       0x12 main.o
 .comment       0x0000000000000000       0x12 uart_api.o

.debug_line     0x0000000000000000      0x155
 .debug_line    0x0000000000000000       0x37 crt0.o
 .debug_line    0x0000000000000037       0x82 fibo.o
 .debug_line    0x00000000000000b9       0x37 main.o
 .debug_line    0x00000000000000f0       0x65 uart_api.o

.debug_info     0x0000000000000000      0x37d
 .debug_info    0x0000000000000000       0x78 crt0.o
 .debug_info    0x0000000000000078      0x1e2 fibo.o
 .debug_info    0x000000000000025a       0x45 main.o
 .debug_info    0x000000000000029f       0xde uart_api.o

.debug_abbrev   0x0000000000000000      0x251
 .debug_abbrev  0x0000000000000000       0x14 crt0.o
 .debug_abbrev  0x0000000000000014      0x136 fibo.o
 .debug_abbrev  0x000000000000014a       0x34 main.o
 .debug_abbrev  0x000000000000017e       0xd3 uart_api.o

.debug_aranges  0x0000000000000000       0x80
 .debug_aranges
                0x0000000000000000       0x20 crt0.o
 .debug_aranges
                0x0000000000000020       0x20 fibo.o
 .debug_aranges
                0x0000000000000040       0x20 main.o
 .debug_aranges
                0x0000000000000060       0x20 uart_api.o

.debug_frame    0x0000000000000000      0x120
 .debug_frame   0x0000000000000000       0x98 fibo.o
 .debug_frame   0x0000000000000098       0x2c main.o
 .debug_frame   0x00000000000000c4       0x5c uart_api.o

.debug_loc      0x0000000000000000      0x201
 .debug_loc     0x0000000000000000      0x1a5 fibo.o
 .debug_loc     0x00000000000001a5       0x1f main.o
 .debug_loc     0x00000000000001c4       0x3d uart_api.o

.debug_pubnames
                0x0000000000000000       0xb6
 .debug_pubnames
                0x0000000000000000       0x49 fibo.o
 .debug_pubnames
                0x0000000000000049       0x1b main.o
 .debug_pubnames
                0x0000000000000064       0x52 uart_api.o

.debug_ranges   0x0000000000000000       0x58
 .debug_ranges  0x0000000000000000       0x30 fibo.o
 .debug_ranges  0x0000000000000030       0x28 uart_api.o

.debug_str      0x0000000000000000      0x11a
 .debug_str     0x0000000000000000       0xcc fibo.o
                                         0xd1 (size before relaxing)
 .debug_str     0x00000000000000cc        0xc main.o
                                         0x63 (size before relaxing)
 .debug_str     0x00000000000000d8       0x42 uart_api.o
                                         0xa8 (size before relaxing)

Cross Reference Table

Symbol                                            File
_start                                            crt0.o
fibo                                              fibo.o
                                                  main.o
intToDeci                                         fibo.o
intToHexa                                         fibo.o
main                                              main.o
                                                  crt0.o
nibbleToAscii                                     fibo.o
serial_getc                                       uart_api.o
serial_init                                       uart_api.o
                                                  main.o
serial_putc                                       uart_api.o
                                                  fibo.o
serial_puts                                       uart_api.o
                                                  fibo.o
